
> furniture-frontend@0.1.0 build
> next build

▲ Next.js 16.3.5 (Turbopack)
- Environments: .env.local
⚠ Warning: Next.js ignored package-lock.json in /Users/ahamednasith because it is outside the current Git repository (/Users/ahamednasith/furniture-frontend).
 To use this directory, set `turbopack.root` in your Next.js config.

✓ Running next.config.mjs took 16ms

  Creating an optimized production build ...
✓ Compiled successfully in 1540ms
  Running TypeScript ...
  Finished TypeScript in 7ms ...
  Collecting page data using 7 workers ...
  Generating static pages using 7 workers (0/24) ...
  Generating static pages using 7 workers (6/24) 
  Generating static pages using 7 workers (12/24) 
  Generating static pages using 7 workers (18/24) 
✓ Generating static pages using 7 workers (24/24) in 969ms
  Finalizing page optimization ...

Route (app)
┌ ○ /
├ ○ /_not-found
├ ○ /account
├ ○ /account/addresses
├ ○ /account/orders
├ ƒ /account/orders/[id]
├ ○ /account/password
├ ○ /admin
├ ○ /admin/analytics
├ ○ /admin/catalog
├ ○ /admin/customers
├ ƒ /admin/customers/[id]
├ ○ /admin/inventory
├ ƒ /admin/inventory/[id]
├ ○ /admin/orders
├ ƒ /admin/orders/[id]
├ ○ /admin/products
├ ƒ /admin/products/[id]/edit
├ ○ /admin/products/new
├ ○ /admin/settings
├ ○ /cart
├ ○ /checkout
├ ○ /login
├ ƒ /products/[slug]
├ ○ /register
├ ○ /search
├ ○ /shop
└ ○ /wishlist


○  (Static)   prerendered as static content
ƒ  (Dynamic)  server-rendered on demand

